// Jest Snapshot v1, https://goo.gl/fbAQLP

exports[`renders correctly 1`] = `
Array [
  <div
    className="main-card"
  >
    <div>
      <img
        alt="company-logo"
        height={100}
        width={150}
      />
    </div>
    <div>
      <h2 />
      <span>
        (
        )
      </span>
    </div>
  </div>,
  <div
    className="row-1"
  >
    <div
      className="col-sm-6"
    >
      <h4>
        Symbol
      </h4>
    </div>
    <div
      className="col-sm-6"
    >
      <h4 />
    </div>
  </div>,
  <div
    className="row-1"
  >
    <div
      className="col-sm-6"
    >
      <h4>
        CEO
      </h4>
    </div>
    <div
      className="col-sm-6"
    >
      <h4 />
    </div>
  </div>,
  <div
    className="row-1"
  >
    <div
      className="col-sm-6"
    >
      <h4>
        Country
      </h4>
    </div>
    <div
      className="col-sm-6"
    >
      <h4 />
    </div>
  </div>,
  <div
    className="row-1"
  >
    <div
      className="col-sm-6"
    >
      <h4>
        City
      </h4>
    </div>
    <div
      className="col-sm-6"
    >
      <h4 />
    </div>
  </div>,
  <div
    className="row-1"
  >
    <div
      className="col-sm-6"
    >
      <h4>
        Price
      </h4>
    </div>
    <div
      className="col-sm-6"
    >
      <h4 />
    </div>
  </div>,
  <div
    className="row-1"
  >
    <div
      className="col-sm-6"
    >
      <h4>
        Range
      </h4>
    </div>
    <div
      className="col-sm-6"
    >
      <h4 />
    </div>
  </div>,
  <div
    className="row-1"
  >
    <div
      className="col-sm-6"
    >
      <h4>
        Visit Website
      </h4>
    </div>
    <div
      className="col-sm-6"
    >
      <h4>
        <a
          target="_black"
        >
          Go to Website
        </a>
      </h4>
    </div>
  </div>,
  <div
    className="row-1"
  >
    <div
      className="col-sm-6"
    >
      <h4>
        Address
      </h4>
    </div>
    <div
      className="col-sm-6"
    >
      <h4 />
    </div>
  </div>,
  <div
    className="row-1"
  >
    <div
      className="col-sm-6"
    >
      <h4>
        Full Time Employees
      </h4>
    </div>
    <div
      className="col-sm-6"
    >
      <h4 />
    </div>
  </div>,
  <div
    className="row-1"
  >
    <div
      className="col-sm-6"
    >
      <h4>
        Industry
      </h4>
    </div>
    <div
      className="col-sm-6"
    >
      <h4 />
    </div>
  </div>,
  <div
    className="row-1"
  >
    <div
      className="col-sm-6"
    >
      <h4>
        Phone
      </h4>
    </div>
    <div
      className="col-sm-6"
    >
      <h4 />
    </div>
  </div>,
]
`;
